[  47.4s] 2025-03-22 50/334 MAE=38.72e-3 | w=[0.2 0.2 0.2 0.2 0.2]
[ 133.3s] 2025-05-11 100/334 MAE=33.11e-3 | w=[0.2   0.2   0.2   0.2   0.199]
[ 257.6s] 2025-06-30 150/334 MAE=35.90e-3 | w=[0.2   0.2   0.2   0.2   0.199]
[ 402.8s] 2025-08-19 200/334 MAE=38.48e-3 | w=[0.201 0.2   0.2   0.2   0.198]
[ 546.9s] 2025-10-08 250/334 MAE=35.29e-3 | w=[0.201 0.201 0.201 0.201 0.197]
[ 689.9s] 2025-11-27 300/334 MAE=41.20e-3 | w=[0.201 0.201 0.201 0.201 0.197]
滚动完成 787.0s

===== 电价池v2 全期对比 =====
                            方法  MAE(×1e-3元)  MAPE(%)
0                  EGD集成(η=15)        42.14     6.82
1  EGD集成(旧η=0.005,无ShapeLevel)        42.46     6.87
2             成员-SeasonalNaive        47.15     7.65
3                       成员-kNN        48.06     7.56
4                       成员-STL        48.49     7.93
5                  成员-HistMean        48.86     7.51
6                成员-ShapeLevel        63.72    10.03

EGD权重终值: [0.201 0.201 0.201 0.201 0.196]
权重演化(每50天采样):
            SeasonalNaive  HistMean    STL    kNN  ShapeLevel
日期\时间                                                        
2025-02-01          0.200     0.200  0.200  0.200       0.200
2025-03-23          0.200     0.200  0.200  0.200       0.200
2025-05-12          0.200     0.200  0.200  0.200       0.199
2025-07-01          0.200     0.200  0.200  0.200       0.199
2025-08-20          0.201     0.200  0.200  0.200       0.198
2025-10-09          0.201     0.201  0.201  0.201       0.197
2025-11-28          0.201     0.201  0.201  0.201       0.197

月度MAE(×1e-3):
日期\时间
2     45.27
3     36.51
4     36.64
5     37.52
6     44.84
7     51.59
8     41.85
9     50.23
10    36.36
11    35.64
12    47.34
已保存v2
