负载/光伏预测: 模型池组v5 EGD集成(固定); 计划电价: v6 EGD预测; 结算电价: 附件4实际

=== 完美预见下界(电价+负载+光伏全完美) ===
   [PF] 120/334 天 累计计划3,842,508 紧急0 元 (11s)
   [PF] 240/334 天 累计计划8,760,310 紧急0 元 (23s)
   净 12,827,532 元 = 支出 12,828,701 - 储能价值   1,169 | 计划 12,828,701 + 紧急         0 | 缺口        0 kWh (514时段) | SOC[1200,10800] | 期末SOC 2700

=== 组: 本文EGD电价预测 (负载光伏=模型池组, 结算=附件4实际价) ===
   [本文EGD电价预测] 120/334 天 累计计划3,970,640 紧急930,949 元 (11s)
   [本文EGD电价预测] 240/334 天 累计计划8,929,015 紧急2,969,362 元 (22s)
   净 17,227,091 元 = 支出 17,227,611 - 储能价值     519 | 计划 12,913,959 + 紧急 4,313,651 | 缺口  953,542 kWh (25467时段) | SOC[1200,10800] | 期末SOC 1200
   误差代价(净-下界) 4,399,559 元

=== 组: 附件1形状(忽视波动) (负载光伏=模型池组, 结算=附件4实际价) ===
   [附件1形状(忽视波动)] 120/334 天 累计计划3,963,438 紧急932,636 元 (11s)
   [附件1形状(忽视波动)] 240/334 天 累计计划8,939,080 紧急2,972,402 元 (21s)
   净 17,236,643 元 = 支出 17,237,163 - 储能价值     519 | 计划 12,922,395 + 紧急 4,314,768 | 缺口  953,922 kWh (25466时段) | SOC[1200,10800] | 期末SOC 1200
   误差代价(净-下界) 4,409,111 元

=== 组: 完美预见电价 (负载光伏=模型池组, 结算=附件4实际价) ===
   [完美预见电价] 120/334 天 累计计划3,923,639 紧急935,558 元 (11s)
   [完美预见电价] 240/334 天 累计计划8,836,239 紧急2,985,057 元 (21s)
   净 17,115,708 元 = 支出 17,116,877 - 储能价值   1,169 | 计划 12,785,228 + 紧急 4,331,649 | 缺口  955,792 kWh (25463时段) | SOC[1200,10800] | 期末SOC 2700
   误差代价(净-下界) 4,288,176 元

三组对比已保存 -> D:\CUMCM2026Problems\C题\p4\p4b_三组电价对比.xlsx

=== τ粗扫(EGD电价预测 + 残差分位: 负载P_τ/光伏P_(1-τ)) ===
   [τ=0.73] 120/334 天 累计计划4,192,454 紧急485,483 元 (11s)
   [τ=0.73] 240/334 天 累计计划9,623,748 紧急1,420,232 元 (22s)
   τ=0.73 净 15,835,791 元 (计划 14,011,697 紧急 1,824,614)
   [τ=0.77] 120/334 天 累计计划4,261,519 紧急396,662 元 (11s)
   [τ=0.77] 240/334 天 累计计划9,809,363 紧急1,167,739 元 (22s)
   τ=0.77 净 15,757,295 元 (计划 14,259,371 紧急 1,498,444)
   [τ=0.81] 120/334 天 累计计划4,338,572 紧急313,001 元 (11s)
   [τ=0.81] 240/334 天 累计计划10,015,114 紧急932,665 元 (22s)
   τ=0.81 净 15,729,591 元 (计划 14,532,844 紧急 1,197,266)
   [τ=0.85] 120/334 天 累计计划4,431,148 紧急240,591 元 (11s)
   [τ=0.85] 240/334 天 累计计划10,247,056 紧急724,734 元 (22s)
   τ=0.85 净 15,769,596 元 (计划 14,838,661 紧急 931,454)
   [τ=0.89] 120/334 天 累计计划4,638,246 紧急178,093 元 (11s)
   [τ=0.89] 240/334 天 累计计划10,612,230 紧急540,428 元 (22s)
   τ=0.89 净 15,981,704 元 (计划 15,288,080 紧急 694,143)
   [τ=0.93] 120/334 天 累计计划5,003,501 紧急122,103 元 (11s)
   [τ=0.93] 240/334 天 累计计划11,172,842 紧急372,384 元 (22s)
   τ=0.93 净 16,431,487 元 (计划 15,952,644 紧急 479,363)

=== τ细化 [0.77,0.85] 步长0.01 ===
   [τ=0.78] 120/334 天 累计计划4,279,918 紧急374,991 元 (11s)
   [τ=0.78] 240/334 天 累计计划9,858,926 紧急1,106,712 元 (23s)
   τ=0.78 净 15,744,734 元
   [τ=0.79] 120/334 天 累计计划4,298,400 紧急354,842 元 (11s)
   [τ=0.79] 240/334 天 累计计划9,908,738 紧急1,051,003 元 (22s)
   τ=0.79 净 15,739,489 元
   [τ=0.8] 120/334 天 累计计划4,318,178 紧急334,074 元 (11s)
   [τ=0.8] 240/334 天 累计计划9,961,272 紧急991,254 元 (21s)
   τ=0.80 净 15,732,739 元
   [τ=0.82] 120/334 天 累计计划4,359,047 紧急295,246 元 (11s)
   [τ=0.82] 240/334 天 累计计划10,069,179 紧急880,831 元 (22s)
   τ=0.82 净 15,735,360 元
   [τ=0.83] 120/334 天 累计计划4,380,723 紧急277,141 元 (11s)
   [τ=0.83] 240/334 天 累计计划10,125,006 紧急828,889 元 (22s)
   τ=0.83 净 15,743,210 元
   [τ=0.84] 120/334 天 累计计划4,405,893 紧急257,761 元 (11s)
   [τ=0.84] 240/334 天 累计计划10,185,880 紧急773,720 元 (22s)
   τ=0.84 净 15,752,087 元

τ遍历结果(按净成本升序):
 tau       plan     emerg      gross      total    gapE  ngap
   1 14,532,844 1,197,266 15,730,110 15,729,591 284,157 11129
   1 14,461,251 1,272,008 15,733,259 15,732,739 301,375 11659
   1 14,604,685 1,131,195 15,735,880 15,735,360 268,978 10660
   1 14,391,412 1,348,596 15,740,008 15,739,489 318,967 12130
   1 14,678,598 1,065,132 15,743,729 15,743,210 253,722 10169
   1 14,325,268 1,419,985 15,745,253 15,744,734 335,023 12572
   1 14,758,463   994,144 15,752,607 15,752,087 237,131  9638
   1 14,259,371 1,498,444 15,757,815 15,757,295 352,799 13080
   1 14,838,661   931,454 15,770,116 15,769,596 222,446  9176
   1 14,011,697 1,824,614 15,836,311 15,835,791 427,362 15110
   1 15,288,080   694,143 15,982,223 15,981,704 166,646  7279
   1 15,952,644   479,363 16,432,006 16,431,487 115,673  5419

波动电价下最优 τ* = 0.81
=== 用 τ* 生成 result4-2.xlsx ===
   [τ=0.81最终] 120/334 天 累计计划4,338,572 紧急313,001 元 (11s)
   [τ=0.81最终] 240/334 天 累计计划10,015,114 紧急932,665 元 (22s)
   净 15,729,591 元 = 支出 15,730,110 - 储能价值     519 | 计划 14,532,844 + 紧急 1,197,266 | 缺口  284,157 kWh (11129时段) | SOC[1200,10800] | 期末SOC 1200
result4-2.xlsx 已保存 -> D:\CUMCM2026Problems\C题\p4\result4-2.xlsx
