负载/光伏预测: 模型池组v5 EGD集成(固定); 计划电价: v6 EGD预测; 结算电价: 附件4实际

=== 交叉验证: 固定电价 τ=0.81 复现问题2 ===
   [复现P2] 120/334 天 累计计划4,311,533 紧急323,460 元 (11s)
   [复现P2] 240/334 天 累计计划9,589,722 紧急897,623 元 (22s)
   本管线: 计划 13,813,923.28 紧急 1,140,333.65 净 14,953,795.67 元 | 缺口 280,993.9 kWh (11140段)
   队友存档: 计划 13,813,923.28 紧急 1,140,333.65 净 14,953,795.67 元
   差异: 计划0.0000 紧急0.0000 净0.0000 元
   交叉验证通过 ✓ — 管线与p2b完全同构

=== 完美预见下界(电价+负载+光伏全完美) ===
   [PF] 120/334 天 累计计划3,842,508 紧急0 元 (11s)
   [PF] 240/334 天 累计计划8,760,310 紧急0 元 (22s)
   净 12,827,532 元 = 支出 12,828,701 - 储能价值   1,169 | 计划 12,828,701 + 紧急         0 | 缺口        0 kWh (514时段) | SOC[1200,10800] | 期末SOC 2700

=== 组: 本文EGD电价预测 (负载光伏=模型池组, 结算=附件4实际价) ===
   [本文EGD电价预测] 120/334 天 累计计划3,970,640 紧急930,949 元 (11s)
   [本文EGD电价预测] 240/334 天 累计计划8,929,015 紧急2,969,362 元 (22s)
   净 17,227,091 元 = 支出 17,227,611 - 储能价值     519 | 计划 12,913,959 + 紧急 4,313,651 | 缺口  953,542 kWh (25467时段) | SOC[1200,10800] | 期末SOC 1200
   误差代价(净-下界) 4,399,559 元

=== 组: 附件1形状(忽视波动) (负载光伏=模型池组, 结算=附件4实际价) ===
   [附件1形状(忽视波动)] 120/334 天 累计计划3,963,438 紧急932,636 元 (11s)
   [附件1形状(忽视波动)] 240/334 天 累计计划8,939,080 紧急2,972,402 元 (21s)
   净 17,236,643 元 = 支出 17,237,163 - 储能价值     519 | 计划 12,922,395 + 紧急 4,314,768 | 缺口  953,922 kWh (25466时段) | SOC[1200,10800] | 期末SOC 1200
   误差代价(净-下界) 4,409,111 元

=== 组: 完美预见电价 (负载光伏=模型池组, 结算=附件4实际价) ===
   [完美预见电价] 120/334 天 累计计划3,923,639 紧急935,558 元 (11s)
   [完美预见电价] 240/334 天 累计计划8,836,239 紧急2,985,057 元 (21s)
   净 17,115,708 元 = 支出 17,116,877 - 储能价值   1,169 | 计划 12,785,228 + 紧急 4,331,649 | 缺口  955,792 kWh (25463时段) | SOC[1200,10800] | 期末SOC 2700
   误差代价(净-下界) 4,288,176 元

三组对比已保存 -> D:\CUMCM2026Problems\C题\p4\p4b_三组电价对比.xlsx

=== τ粗扫(EGD电价预测 + 残差分位: 负载P_τ/光伏P_(1-τ)) ===
   [τ=0.73] 120/334 天 累计计划4,195,560 紧急488,474 元 (11s)
   [τ=0.73] 240/334 天 累计计划9,648,948 紧急1,404,749 元 (21s)
   τ=0.73 净 15,848,289 元 (计划 14,036,993 紧急 1,811,816)
   [τ=0.77] 120/334 天 累计计划4,264,517 紧急398,641 元 (11s)
   [τ=0.77] 240/334 天 累计计划9,834,480 紧急1,155,299 元 (21s)
   τ=0.77 净 15,773,568 元 (计划 14,284,596 紧急 1,489,491)
   [τ=0.81] 120/334 天 累计计划4,341,528 紧急316,356 元 (11s)
   [τ=0.81] 240/334 天 累计计划10,040,185 紧急923,011 元 (21s)
   τ=0.81 净 15,747,266 元 (计划 14,558,223 紧急 1,189,563)
   [τ=0.85] 120/334 天 累计计划4,433,933 紧急242,404 元 (11s)
   [τ=0.85] 240/334 天 累计计划10,271,862 紧急716,302 元 (21s)
   τ=0.85 净 15,787,473 元 (计划 14,863,866 紧急 924,127)
   [τ=0.89] 120/334 天 累计计划4,641,412 紧急178,976 元 (11s)
   [τ=0.89] 240/334 天 累计计划10,637,596 紧急530,849 元 (21s)
   τ=0.89 净 15,999,993 元 (计划 15,314,035 紧急 686,478)
   [τ=0.93] 120/334 天 累计计划5,007,603 紧急121,265 元 (10s)
   [τ=0.93] 240/334 天 累计计划11,199,754 紧急364,681 元 (21s)
   τ=0.93 净 16,451,383 元 (计划 15,980,405 紧急 471,497)

=== τ细化 [0.77,0.85] 步长0.01 ===
   [τ=0.78] 120/334 天 累计计划4,282,908 紧急377,053 元 (10s)
   [τ=0.78] 240/334 天 累计计划9,884,045 紧急1,094,889 元 (21s)
   τ=0.78 净 15,761,368 元
   [τ=0.79] 120/334 天 累计计划4,301,365 紧急357,423 元 (11s)
   [τ=0.79] 240/334 天 累计计划9,933,816 紧急1,039,586 元 (21s)
   τ=0.79 净 15,756,016 元
   [τ=0.8] 120/334 天 累计计划4,321,141 紧急336,604 元 (10s)
   [τ=0.8] 240/334 天 累计计划9,986,335 紧急980,511 元 (21s)
   τ=0.80 净 15,749,514 元
   [τ=0.82] 120/334 天 累计计划4,362,003 紧急297,962 元 (10s)
   [τ=0.82] 240/334 天 累计计划10,094,239 紧急870,044 元 (21s)
   τ=0.82 净 15,751,306 元
   [τ=0.83] 120/334 天 累计计划4,383,642 紧急279,496 元 (10s)
   [τ=0.83] 240/334 天 累计计划10,150,003 紧急819,077 元 (21s)
   τ=0.83 净 15,759,540 元
   [τ=0.84] 120/334 天 累计计划4,408,760 紧急260,001 元 (10s)
   [τ=0.84] 240/334 天 累计计划10,210,782 紧急765,165 元 (21s)
   τ=0.84 净 15,769,946 元

τ遍历结果(按净成本升序):
 tau       plan     emerg      gross      total    gapE  ngap
   1 14,558,223 1,189,563 15,747,785 15,747,266 280,502 11136
   1 14,486,560 1,263,473 15,750,034 15,749,514 297,536 11666
   1 14,630,124 1,121,701 15,751,825 15,751,306 264,935 10649
   1 14,416,687 1,339,848 15,756,535 15,756,016 314,922 12159
   1 14,704,017 1,056,043 15,760,059 15,759,540 249,831 10159
   1 14,350,524 1,411,364 15,761,888 15,761,368 331,120 12617
   1 14,783,774   986,691 15,770,465 15,769,946 233,751  9677
   1 14,284,596 1,489,491 15,774,088 15,773,568 348,730 13114
   1 14,863,866   924,127 15,787,993 15,787,473 219,082  9209
   1 14,036,993 1,811,816 15,848,808 15,848,289 421,956 15070
   1 15,314,035   686,478 16,000,512 15,999,993 163,257  7257
   1 15,980,405   471,497 16,451,903 16,451,383 112,744  5342

波动电价下最优 τ* = 0.81
=== 用 τ* 生成 result4-2.xlsx ===
   [τ=0.81最终] 120/334 天 累计计划4,341,528 紧急316,356 元 (10s)
   [τ=0.81最终] 240/334 天 累计计划10,040,185 紧急923,011 元 (21s)
   净 15,747,266 元 = 支出 15,747,785 - 储能价值     519 | 计划 14,558,223 + 紧急 1,189,563 | 缺口  280,502 kWh (11136时段) | SOC[1200,10800] | 期末SOC 1200
result4-2.xlsx 已保存 -> D:\CUMCM2026Problems\C题\p4\result4-2.xlsx
