P4C 问题4-3: 计划层电价=v6 EGD预测(主配置) | 结算=附件4实际价 | 树/中心=m3/m4原样

=== 交叉验证: 固定电价复现问题3 m5 ===
   本管线: 购 12,627,146.02 偏 206,990.93 急 1,852,173.47 合计 14,686,310.34 元 | 缺口 352,965.9 kWh
   m5存档: 购 12,627,146.02 偏 206,990.93 急 1,852,173.47 合计 14,686,310.34 元 | 缺口 352,965.9 kWh
   差异: 0.0000 元
   交叉验证通过 ✓ — p4c 与 m5 完全同构

=== 组: 本文EGD电价预测 ===
   [本文EGD电价预测] 100/334 累计购3,426,312 偏41,744 急395,659 (316s)
   [本文EGD电价预测] 200/334 累计购7,592,151 偏133,899 急1,256,602 (701s)
   [本文EGD电价预测] 300/334 累计购11,435,047 偏200,123 急1,608,876 (1074s)
   [本文EGD电价预测] 334/334 累计购13,293,405 偏217,512 急1,962,872 (1229s)
   净(费合计)   15,473,788 元 = 购 13,293,405 + 偏 217,512 + 急 1,962,872 | 缺口 351,884 kWh

=== 组: 附件1形状(忽视波动) ===
   [附件1形状(忽视波动)] 100/334 累计购3,432,352 偏41,317 急397,284 (316s)
   [附件1形状(忽视波动)] 200/334 累计购7,605,056 偏132,119 急1,250,633 (698s)
   [附件1形状(忽视波动)] 300/334 累计购11,456,045 偏199,674 急1,602,338 (1069s)
   [附件1形状(忽视波动)] 334/334 累计购13,323,050 偏213,502 急1,957,952 (1221s)
   净(费合计)   15,494,504 元 = 购 13,323,050 + 偏 213,502 + 急 1,957,952 | 缺口 352,966 kWh

=== 组: 完美预见电价 ===
   [完美预见电价] 100/334 累计购3,392,905 偏42,699 急402,554 (314s)
   [完美预见电价] 200/334 累计购7,526,478 偏133,925 急1,278,276 (702s)
   [完美预见电价] 300/334 累计购11,332,038 偏201,012 急1,641,259 (1086s)
   [完美预见电价] 334/334 累计购13,179,042 偏218,096 急2,003,511 (1247s)
   净(费合计)   15,400,648 元 = 购 13,179,042 + 偏 218,096 + 急 2,003,511 | 缺口 366,487 kWh

=== PF 完美预见下界(实际负载/光伏+实际电价) ===
   [PF] 100/334 (6s)
   [PF] 200/334 (12s)
   [PF] 300/334 (18s)
   下界   12,810,208 元

===== 三组电价来源对比(净成本=购+偏+急) =====
          组        buy     dev       emg      total    gapE
  本文EGD电价预测 13,293,405 217,512 1,962,872 15,473,788 351,884
附件1形状(忽视波动) 13,323,050 213,502 1,957,952 15,494,504 352,966
     完美预见电价 13,179,042 218,096 2,003,511 15,400,648 366,487
     完美预见下界 12,810,208       0         0 12,810,208       0

三组对比已保存 -> D:\CUMCM2026Problems\C题\p4\p4c_三组电价对比.xlsx
result4-3.xlsx 已保存 -> D:\CUMCM2026Problems\C题\p4\result4-3.xlsx
